// Jest Snapshot v1, https://goo.gl/fbAQLP

exports[`<Game /> renders correctly 1`] = `
<div>
  <div>
    <div>
      <div>
        <label>
          Choose your player type
        </label>
        <select>
          <option
            value="champions"
          >
            champions
          </option>
          <option
            value="starships"
          >
            starships
          </option>
        </select>
      </div>
      <div>
        <label>
          Choose your attribute
        </label>
        <select>
          <option
            value="height"
          >
            height
          </option>
          <option
            value="mass"
          >
            mass
          </option>
          <option
            value="birth_year"
          >
            birth year
          </option>
        </select>
      </div>
    </div>
    <div>
      <div />
    </div>
    <button>
      play
    </button>
  </div>
</div>
`;
