// Jest Snapshot v1, https://goo.gl/fbAQLP

exports[`<Card /> renders correctly Champion Card 1`] = `
<div>
  <div>
    <p>
      <span>
        name
         :
      </span>
      <span>
        Taun We
      </span>
      <span
        class=""
      />
    </p>
    <p>
      <span>
        height
         :
      </span>
      <span>
        213
      </span>
      <span
        class=""
      />
    </p>
    <p>
      <span>
        mass
         :
      </span>
      <span>
        2
      </span>
      <span
        class=""
      />
    </p>
    <p>
      <span>
        hair color
         :
      </span>
      <span>
        none
      </span>
      <span
        class=""
      />
    </p>
    <p>
      <span>
        skin color
         :
      </span>
      <span>
        grey
      </span>
      <span
        class=""
      />
    </p>
    <p>
      <span>
        eye color
         :
      </span>
      <span>
        black
      </span>
      <span
        class=""
      />
    </p>
    <p>
      <span>
        birth year
         :
      </span>
      <span>
        2
      </span>
      <span
        class=""
      />
    </p>
    <p>
      <span>
        gender
         :
      </span>
      <span>
        female
      </span>
      <span
        class=""
      />
    </p>
  </div>
</div>
`;

exports[`<Card /> renders correctly Starship Card 1`] = `
<div>
  <div>
    <p>
      <span>
        name
         :
      </span>
      <span>
        Executor
      </span>
      <span
        class=""
      />
    </p>
    <p>
      <span>
        model
         :
      </span>
      <span>
        Executor-class star dreadnought
      </span>
      <span
        class=""
      />
    </p>
    <p>
      <span>
        manufacturer
         :
      </span>
      <span>
        Kuat Drive Yards, Fondor Shipyards
      </span>
      <span
        class=""
      />
    </p>
    <p>
      <span>
        cost in credits
         :
      </span>
      <span>
        1143350000
      </span>
      <span
        class=""
      />
    </p>
    <p>
      <span>
        length
         :
      </span>
      <span>
        19000
      </span>
      <span
        class=""
      />
    </p>
    <p>
      <span>
        max atmosphering speed
         :
      </span>
      <span>
        0
      </span>
      <span
        class=""
      />
    </p>
    <p>
      <span>
        crew
         :
      </span>
      <span>
        279144
      </span>
      <span
        class=""
      />
    </p>
    <p>
      <span>
        passengers
         :
      </span>
      <span>
        38000
      </span>
      <span
        class=""
      />
    </p>
    <p>
      <span>
        cargo capacity
         :
      </span>
      <span>
        250000000
      </span>
      <span
        class=""
      />
    </p>
    <p>
      <span>
        consumables
         :
      </span>
      <span>
        6
      </span>
      <span
        class=""
      />
    </p>
    <p>
      <span>
        hyperdrive rating
         :
      </span>
      <span>
        2
      </span>
      <span
        class=""
      />
    </p>
    <p>
      <span>
        MGLT
         :
      </span>
      <span>
        40
      </span>
      <span
        class=""
      />
    </p>
  </div>
</div>
`;
